
There are no discarded input sections

Memory Configuration

Name             Origin             Length             Attributes
FLASH            0x08000000         0x00080000         xr
SRAM             0x20000000         0x00018000         xrw
*default*        0x00000000         0xffffffff

Linker script and memory map

LOAD main.o
LOAD gpio.o
LOAD systick.o
LOAD tim.o
LOAD uart.o
LOAD stm32f411_startup.o
START GROUP
LOAD /Applications/ArmGNUToolchain/15.2.rel1/arm-none-eabi/bin/../lib/gcc/arm-none-eabi/15.2.1/libgcc.a
LOAD /Applications/ArmGNUToolchain/15.2.rel1/arm-none-eabi/bin/../lib/gcc/arm-none-eabi/15.2.1/../../../../arm-none-eabi/lib/libc_nano.a
END GROUP
START GROUP
LOAD /Applications/ArmGNUToolchain/15.2.rel1/arm-none-eabi/bin/../lib/gcc/arm-none-eabi/15.2.1/libgcc.a
LOAD /Applications/ArmGNUToolchain/15.2.rel1/arm-none-eabi/bin/../lib/gcc/arm-none-eabi/15.2.1/../../../../arm-none-eabi/lib/libc_nano.a
LOAD /Applications/ArmGNUToolchain/15.2.rel1/arm-none-eabi/bin/../lib/gcc/arm-none-eabi/15.2.1/../../../../arm-none-eabi/lib/libnosys.a
END GROUP
START GROUP
LOAD /Applications/ArmGNUToolchain/15.2.rel1/arm-none-eabi/bin/../lib/gcc/arm-none-eabi/15.2.1/libgcc.a
LOAD /Applications/ArmGNUToolchain/15.2.rel1/arm-none-eabi/bin/../lib/gcc/arm-none-eabi/15.2.1/../../../../arm-none-eabi/lib/libc_nano.a
LOAD /Applications/ArmGNUToolchain/15.2.rel1/arm-none-eabi/bin/../lib/gcc/arm-none-eabi/15.2.1/../../../../arm-none-eabi/lib/libnosys.a
END GROUP
                0x20018000                        _estack = (ORIGIN (SRAM) + LENGTH (SRAM))
                0x00000200                        __max_heap_size = 0x200
                0x00000400                        __max_stack_size = 0x400

.text           0x08000000      0x558
                0x08000000                        . = ALIGN (0x4)
 *(.isr_vector_tbl)
 .isr_vector_tbl
                0x08000000      0x198 stm32f411_startup.o
                0x08000000                vector_tbl
 *(.text)
 .text          0x08000198       0x30 main.o
                0x08000198                main
 .text          0x080001c8       0xe8 gpio.o
                0x080001c8                led_init
                0x08000200                led_on
                0x08000218                led_off
                0x08000230                button_init
                0x08000268                get_btn_state
                0x0800028c                led_toggle
 .text          0x080002b0       0x60 systick.o
                0x080002b0                systick_msec_delay
 .text          0x08000310       0x40 tim.o
                0x08000310                tim2_1hz_init
 .text          0x08000350      0x158 uart.o
                0x08000350                __io_putchar
                0x08000368                uart_init
                0x0800047c                uart_print
 .text          0x080004a8       0x98 stm32f411_startup.o
                0x080004a8                DMA1_Stream3_IRQHandler
                0x080004a8                EXTI2_IRQHandler
                0x080004a8                DebugMon_Handler
                0x080004a8                SPI4_IRQHandler
                0x080004a8                TIM1_CC_IRQHandler
                0x080004a8                DMA2_Stream5_IRQHandler
                0x080004a8                HardFault_Handler
                0x080004a8                DMA1_Stream5_IRQHandler
                0x080004a8                SysTick_Handler
                0x080004a8                PVD_IRQHandler
                0x080004a8                SDIO_IRQHandler
                0x080004a8                TAMP_STAMP_IRQHandler
                0x080004a8                PendSV_Handler
                0x080004a8                NMI_Handler
                0x080004a8                EXTI3_IRQHandler
                0x080004a8                TIM1_UP_TIM10_IRQHandler
                0x080004a8                I2C3_ER_IRQHandler
                0x080004a8                EXTI0_IRQHandler
                0x080004a8                I2C2_EV_IRQHandler
                0x080004a8                DMA1_Stream2_IRQHandler
                0x080004a8                FPU_IRQHandler
                0x080004a8                UsageFault_Handler
                0x080004a8                DMA2_Stream2_IRQHandler
                0x080004a8                SPI1_IRQHandler
                0x080004a8                TIM1_BRK_TIM9_IRQHandler
                0x080004a8                DMA2_Stream3_IRQHandler
                0x080004a8                USART6_IRQHandler
                0x080004a8                RTC_Alarm_IRQHandler
                0x080004a8                DMA2_Stream0_IRQHandler
                0x080004a8                TIM4_IRQHandler
                0x080004a8                I2C1_EV_IRQHandler
                0x080004a8                DMA1_Stream6_IRQHandler
                0x080004a8                DMA1_Stream1_IRQHandler
                0x080004a8                TIM3_IRQHandler
                0x080004a8                RCC_IRQHandler
                0x080004a8                Default_Handler
                0x080004a8                EXTI15_10_IRQHandler
                0x080004a8                ADC_IRQHandler
                0x080004a8                DMA1_Stream7_IRQHandler
                0x080004a8                SPI5_IRQHandler
                0x080004a8                TIM5_IRQHandler
                0x080004a8                DMA2_Stream7_IRQHandler
                0x080004a8                I2C3_EV_IRQHandler
                0x080004a8                EXTI9_5_IRQHandler
                0x080004a8                RTC_WKUP_IRQHandler
                0x080004a8                SPI2_IRQHandler
                0x080004a8                MemManage_Handler
                0x080004a8                DMA1_Stream0_IRQHandler
                0x080004a8                SVC_Handler
                0x080004a8                EXTI4_IRQHandler
                0x080004a8                WWDG_IRQHandler
                0x080004a8                TIM2_IRQHandler
                0x080004a8                OTG_FS_WKUP_IRQHandler
                0x080004a8                TIM1_TRG_COM_TIM11_IRQHandler
                0x080004a8                EXTI1_IRQHandler
                0x080004a8                USART2_IRQHandler
                0x080004a8                I2C2_ER_IRQHandler
                0x080004a8                DMA2_Stream1_IRQHandler
                0x080004a8                FLASH_IRQHandler
                0x080004a8                DMA2_Stream4_IRQHandler
                0x080004a8                BusFault_Handler
                0x080004a8                USART1_IRQHandler
                0x080004a8                OTG_FS_IRQHandler
                0x080004a8                SPI3_IRQHandler
                0x080004a8                DMA1_Stream4_IRQHandler
                0x080004a8                I2C1_ER_IRQHandler
                0x080004a8                DMA2_Stream6_IRQHandler
                0x080004ae                Reset_Handler
 *(.rodata)
 .rodata        0x08000540       0x18 main.o
                0x08000558                        . = ALIGN (0x4)
                0x08000558                        _etext = .

.glue_7         0x08000558        0x0
 .glue_7        0x08000558        0x0 linker stubs

.glue_7t        0x08000558        0x0
 .glue_7t       0x08000558        0x0 linker stubs

.vfp11_veneer   0x08000558        0x0
 .vfp11_veneer  0x08000558        0x0 linker stubs

.v4_bx          0x08000558        0x0
 .v4_bx         0x08000558        0x0 linker stubs

.iplt           0x08000558        0x0
 .iplt          0x08000558        0x0 main.o

.rel.dyn        0x08000558        0x0
 .rel.iplt      0x08000558        0x0 main.o

.data           0x20000000        0x0 load address 0x08000558
                0x20000000                        . = ALIGN (0x4)
                0x20000000                        _sdata = .
 *(.data)
 .data          0x20000000        0x0 main.o
 .data          0x20000000        0x0 gpio.o
 .data          0x20000000        0x0 systick.o
 .data          0x20000000        0x0 tim.o
 .data          0x20000000        0x0 uart.o
 .data          0x20000000        0x0 stm32f411_startup.o
                0x20000000                        . = ALIGN (0x4)
                0x20000000                        _edata = .

.igot.plt       0x20000000        0x0 load address 0x08000558
 .igot.plt      0x20000000        0x0 main.o

.bss            0x20000000        0x0 load address 0x08000558
                0x20000000                        . = ALIGN (0x4)
                0x20000000                        _sbss = .
 *(.bss)
 .bss           0x20000000        0x0 main.o
 .bss           0x20000000        0x0 gpio.o
 .bss           0x20000000        0x0 systick.o
 .bss           0x20000000        0x0 tim.o
 .bss           0x20000000        0x0 uart.o
 .bss           0x20000000        0x0 stm32f411_startup.o
                0x20000000                        . = ALIGN (0x4)
                0x20000000                        _ebss = .
OUTPUT(all.elf elf32-littlearm)
LOAD linker stubs

.comment        0x00000000       0x45
 .comment       0x00000000       0x45 main.o
                                 0x46 (size before relaxing)
 .comment       0x00000045        0x0 gpio.o
                                 0x46 (size before relaxing)
 .comment       0x00000045        0x0 systick.o
                                 0x46 (size before relaxing)
 .comment       0x00000045        0x0 tim.o
                                 0x46 (size before relaxing)
 .comment       0x00000045        0x0 uart.o
                                 0x46 (size before relaxing)
 .comment       0x00000045        0x0 stm32f411_startup.o
                                 0x46 (size before relaxing)

.ARM.attributes
                0x00000000       0x2e
 .ARM.attributes
                0x00000000       0x2e main.o
 .ARM.attributes
                0x0000002e       0x2e gpio.o
 .ARM.attributes
                0x0000005c       0x2e systick.o
 .ARM.attributes
                0x0000008a       0x2e tim.o
 .ARM.attributes
                0x000000b8       0x2e uart.o
 .ARM.attributes
                0x000000e6       0x2e stm32f411_startup.o
