
There are no discarded input sections

Memory Configuration

Name             Origin             Length             Attributes
FLASH            0x08000000         0x00080000         xr
SRAM             0x20000000         0x00018000         xrw
*default*        0x00000000         0xffffffff

Linker script and memory map

LOAD gpio.o
LOAD main.o
LOAD stm32f411_startup.o
                0x20018000                        _estack = (ORIGIN (SRAM) + LENGTH (SRAM))
                0x00000200                        __max_heap_size = 0x200
                0x00000400                        __max_stack_size = 0x400

.text           0x08000000      0x324
                0x08000000                        . = ALIGN (0x4)
 *(.isr_vector_tbl)
 .isr_vector_tbl
                0x08000000      0x198 stm32f411_startup.o
                0x08000000                vector_tbl
 *(.text)
 .text          0x08000198       0xc4 gpio.o
                0x08000198                led_init
                0x080001d0                led_on
                0x080001e8                led_off
                0x08000200                button_init
                0x08000238                get_btn_state
 .text          0x0800025c       0x30 main.o
                0x0800025c                main
 .text          0x0800028c       0x98 stm32f411_startup.o
                0x0800028c                DMA1_Stream3_IRQHandler
                0x0800028c                EXTI2_IRQHandler
                0x0800028c                DebugMon_Handler
                0x0800028c                SPI4_IRQHandler
                0x0800028c                TIM1_CC_IRQHandler
                0x0800028c                DMA2_Stream5_IRQHandler
                0x0800028c                HardFault_Handler
                0x0800028c                DMA1_Stream5_IRQHandler
                0x0800028c                SysTick_Handler
                0x0800028c                PVD_IRQHandler
                0x0800028c                SDIO_IRQHandler
                0x0800028c                TAMP_STAMP_IRQHandler
                0x0800028c                PendSV_Handler
                0x0800028c                NMI_Handler
                0x0800028c                EXTI3_IRQHandler
                0x0800028c                TIM1_UP_TIM10_IRQHandler
                0x0800028c                I2C3_ER_IRQHandler
                0x0800028c                EXTI0_IRQHandler
                0x0800028c                I2C2_EV_IRQHandler
                0x0800028c                DMA1_Stream2_IRQHandler
                0x0800028c                FPU_IRQHandler
                0x0800028c                UsageFault_Handler
                0x0800028c                DMA2_Stream2_IRQHandler
                0x0800028c                SPI1_IRQHandler
                0x0800028c                TIM1_BRK_TIM9_IRQHandler
                0x0800028c                DMA2_Stream3_IRQHandler
                0x0800028c                USART6_IRQHandler
                0x0800028c                RTC_Alarm_IRQHandler
                0x0800028c                DMA2_Stream0_IRQHandler
                0x0800028c                TIM4_IRQHandler
                0x0800028c                I2C1_EV_IRQHandler
                0x0800028c                DMA1_Stream6_IRQHandler
                0x0800028c                DMA1_Stream1_IRQHandler
                0x0800028c                TIM3_IRQHandler
                0x0800028c                RCC_IRQHandler
                0x0800028c                Default_Handler
                0x0800028c                EXTI15_10_IRQHandler
                0x0800028c                ADC_IRQHandler
                0x0800028c                DMA1_Stream7_IRQHandler
                0x0800028c                SPI5_IRQHandler
                0x0800028c                TIM5_IRQHandler
                0x0800028c                DMA2_Stream7_IRQHandler
                0x0800028c                I2C3_EV_IRQHandler
                0x0800028c                EXTI9_5_IRQHandler
                0x0800028c                RTC_WKUP_IRQHandler
                0x0800028c                SPI2_IRQHandler
                0x0800028c                MemManage_Handler
                0x0800028c                DMA1_Stream0_IRQHandler
                0x0800028c                SVC_Handler
                0x0800028c                EXTI4_IRQHandler
                0x0800028c                WWDG_IRQHandler
                0x0800028c                TIM2_IRQHandler
                0x0800028c                OTG_FS_WKUP_IRQHandler
                0x0800028c                TIM1_TRG_COM_TIM11_IRQHandler
                0x0800028c                EXTI1_IRQHandler
                0x0800028c                USART2_IRQHandler
                0x0800028c                I2C2_ER_IRQHandler
                0x0800028c                DMA2_Stream1_IRQHandler
                0x0800028c                FLASH_IRQHandler
                0x0800028c                DMA2_Stream4_IRQHandler
                0x0800028c                BusFault_Handler
                0x0800028c                USART1_IRQHandler
                0x0800028c                OTG_FS_IRQHandler
                0x0800028c                SPI3_IRQHandler
                0x0800028c                DMA1_Stream4_IRQHandler
                0x0800028c                I2C1_ER_IRQHandler
                0x0800028c                DMA2_Stream6_IRQHandler
                0x08000292                Reset_Handler
 *(.rodata)
                0x08000324                        . = ALIGN (0x4)
                0x08000324                        _etext = .

.glue_7         0x08000324        0x0
 .glue_7        0x08000324        0x0 linker stubs

.glue_7t        0x08000324        0x0
 .glue_7t       0x08000324        0x0 linker stubs

.vfp11_veneer   0x08000324        0x0
 .vfp11_veneer  0x08000324        0x0 linker stubs

.v4_bx          0x08000324        0x0
 .v4_bx         0x08000324        0x0 linker stubs

.iplt           0x08000324        0x0
 .iplt          0x08000324        0x0 main.o

.rel.dyn        0x08000324        0x0
 .rel.iplt      0x08000324        0x0 main.o

.data           0x20000000        0x0 load address 0x08000324
                0x20000000                        . = ALIGN (0x4)
                0x20000000                        _sdata = .
 *(.data)
 .data          0x20000000        0x0 gpio.o
 .data          0x20000000        0x0 main.o
 .data          0x20000000        0x0 stm32f411_startup.o
                0x20000000                        . = ALIGN (0x4)
                0x20000000                        _edata = .

.igot.plt       0x20000000        0x0 load address 0x08000324
 .igot.plt      0x20000000        0x0 main.o

.bss            0x20000000        0x4 load address 0x08000324
                0x20000000                        . = ALIGN (0x4)
                0x20000000                        _sbss = .
 *(.bss)
 .bss           0x20000000        0x0 gpio.o
 .bss           0x20000000        0x1 main.o
                0x20000000                btn_state
 .bss           0x20000001        0x0 stm32f411_startup.o
                0x20000004                        . = ALIGN (0x4)
 *fill*         0x20000001        0x3 
                0x20000004                        _ebss = .
OUTPUT(4_makefile_project.elf elf32-littlearm)
LOAD linker stubs

.comment        0x00000000       0x45
 .comment       0x00000000       0x45 gpio.o
                                 0x46 (size before relaxing)
 .comment       0x00000045        0x0 main.o
                                 0x46 (size before relaxing)
 .comment       0x00000045        0x0 stm32f411_startup.o
                                 0x46 (size before relaxing)

.ARM.attributes
                0x00000000       0x2e
 .ARM.attributes
                0x00000000       0x2e gpio.o
 .ARM.attributes
                0x0000002e       0x2e main.o
 .ARM.attributes
                0x0000005c       0x2e stm32f411_startup.o
