
There are no discarded input sections

Memory Configuration

Name             Origin             Length             Attributes
FLASH            0x08000000         0x00080000         xr
SRAM             0x20000000         0x00018000         xrw
*default*        0x00000000         0xffffffff

Linker script and memory map

LOAD gpio.o
LOAD main.o
LOAD stm32f411_startup.o
LOAD systick.o
                0x20018000                        _estack = (ORIGIN (SRAM) + LENGTH (SRAM))
                0x00000200                        __max_heap_size = 0x200
                0x00000400                        __max_stack_size = 0x400

.text           0x08000000      0x390
                0x08000000                        . = ALIGN (0x4)
 *(.isr_vector_tbl)
 .isr_vector_tbl
                0x08000000      0x198 stm32f411_startup.o
                0x08000000                vector_tbl
 *(.text)
 .text          0x08000198       0xe8 gpio.o
                0x08000198                led_init
                0x080001d0                led_on
                0x080001e8                led_off
                0x08000200                button_init
                0x08000238                get_btn_state
                0x0800025c                led_toggle
 .text          0x08000280       0x16 main.o
                0x08000280                main
 *fill*         0x08000296        0x2 
 .text          0x08000298       0x98 stm32f411_startup.o
                0x08000298                DMA1_Stream3_IRQHandler
                0x08000298                EXTI2_IRQHandler
                0x08000298                DebugMon_Handler
                0x08000298                SPI4_IRQHandler
                0x08000298                TIM1_CC_IRQHandler
                0x08000298                DMA2_Stream5_IRQHandler
                0x08000298                HardFault_Handler
                0x08000298                DMA1_Stream5_IRQHandler
                0x08000298                SysTick_Handler
                0x08000298                PVD_IRQHandler
                0x08000298                SDIO_IRQHandler
                0x08000298                TAMP_STAMP_IRQHandler
                0x08000298                PendSV_Handler
                0x08000298                NMI_Handler
                0x08000298                EXTI3_IRQHandler
                0x08000298                TIM1_UP_TIM10_IRQHandler
                0x08000298                I2C3_ER_IRQHandler
                0x08000298                EXTI0_IRQHandler
                0x08000298                I2C2_EV_IRQHandler
                0x08000298                DMA1_Stream2_IRQHandler
                0x08000298                FPU_IRQHandler
                0x08000298                UsageFault_Handler
                0x08000298                DMA2_Stream2_IRQHandler
                0x08000298                SPI1_IRQHandler
                0x08000298                TIM1_BRK_TIM9_IRQHandler
                0x08000298                DMA2_Stream3_IRQHandler
                0x08000298                USART6_IRQHandler
                0x08000298                RTC_Alarm_IRQHandler
                0x08000298                DMA2_Stream0_IRQHandler
                0x08000298                TIM4_IRQHandler
                0x08000298                I2C1_EV_IRQHandler
                0x08000298                DMA1_Stream6_IRQHandler
                0x08000298                DMA1_Stream1_IRQHandler
                0x08000298                TIM3_IRQHandler
                0x08000298                RCC_IRQHandler
                0x08000298                Default_Handler
                0x08000298                EXTI15_10_IRQHandler
                0x08000298                ADC_IRQHandler
                0x08000298                DMA1_Stream7_IRQHandler
                0x08000298                SPI5_IRQHandler
                0x08000298                TIM5_IRQHandler
                0x08000298                DMA2_Stream7_IRQHandler
                0x08000298                I2C3_EV_IRQHandler
                0x08000298                EXTI9_5_IRQHandler
                0x08000298                RTC_WKUP_IRQHandler
                0x08000298                SPI2_IRQHandler
                0x08000298                MemManage_Handler
                0x08000298                DMA1_Stream0_IRQHandler
                0x08000298                SVC_Handler
                0x08000298                EXTI4_IRQHandler
                0x08000298                WWDG_IRQHandler
                0x08000298                TIM2_IRQHandler
                0x08000298                OTG_FS_WKUP_IRQHandler
                0x08000298                TIM1_TRG_COM_TIM11_IRQHandler
                0x08000298                EXTI1_IRQHandler
                0x08000298                USART2_IRQHandler
                0x08000298                I2C2_ER_IRQHandler
                0x08000298                DMA2_Stream1_IRQHandler
                0x08000298                FLASH_IRQHandler
                0x08000298                DMA2_Stream4_IRQHandler
                0x08000298                BusFault_Handler
                0x08000298                USART1_IRQHandler
                0x08000298                OTG_FS_IRQHandler
                0x08000298                SPI3_IRQHandler
                0x08000298                DMA1_Stream4_IRQHandler
                0x08000298                I2C1_ER_IRQHandler
                0x08000298                DMA2_Stream6_IRQHandler
                0x0800029e                Reset_Handler
 .text          0x08000330       0x60 systick.o
                0x08000330                systick_msec_delay
 *(.rodata)
                0x08000390                        . = ALIGN (0x4)
                0x08000390                        _etext = .

.glue_7         0x08000390        0x0
 .glue_7        0x08000390        0x0 linker stubs

.glue_7t        0x08000390        0x0
 .glue_7t       0x08000390        0x0 linker stubs

.vfp11_veneer   0x08000390        0x0
 .vfp11_veneer  0x08000390        0x0 linker stubs

.v4_bx          0x08000390        0x0
 .v4_bx         0x08000390        0x0 linker stubs

.iplt           0x08000390        0x0
 .iplt          0x08000390        0x0 gpio.o

.rel.dyn        0x08000390        0x0
 .rel.iplt      0x08000390        0x0 gpio.o

.data           0x20000000        0x0 load address 0x08000390
                0x20000000                        . = ALIGN (0x4)
                0x20000000                        _sdata = .
 *(.data)
 .data          0x20000000        0x0 gpio.o
 .data          0x20000000        0x0 main.o
 .data          0x20000000        0x0 stm32f411_startup.o
 .data          0x20000000        0x0 systick.o
                0x20000000                        . = ALIGN (0x4)
                0x20000000                        _edata = .

.igot.plt       0x20000000        0x0 load address 0x08000390
 .igot.plt      0x20000000        0x0 gpio.o

.bss            0x20000000        0x0 load address 0x08000390
                0x20000000                        . = ALIGN (0x4)
                0x20000000                        _sbss = .
 *(.bss)
 .bss           0x20000000        0x0 gpio.o
 .bss           0x20000000        0x0 main.o
 .bss           0x20000000        0x0 stm32f411_startup.o
 .bss           0x20000000        0x0 systick.o
                0x20000000                        . = ALIGN (0x4)
                0x20000000                        _ebss = .
OUTPUT(systick.elf elf32-littlearm)
LOAD linker stubs

.comment        0x00000000       0x45
 .comment       0x00000000       0x45 gpio.o
                                 0x46 (size before relaxing)
 .comment       0x00000045        0x0 main.o
                                 0x46 (size before relaxing)
 .comment       0x00000045        0x0 stm32f411_startup.o
                                 0x46 (size before relaxing)
 .comment       0x00000045        0x0 systick.o
                                 0x46 (size before relaxing)

.ARM.attributes
                0x00000000       0x2e
 .ARM.attributes
                0x00000000       0x2e gpio.o
 .ARM.attributes
                0x0000002e       0x2e main.o
 .ARM.attributes
                0x0000005c       0x2e stm32f411_startup.o
 .ARM.attributes
                0x0000008a       0x2e systick.o
