19:40:25 **** Build of configuration Debug for project LED_plus_USER PUSH ****
make -j13 all 
arm-none-eabi-gcc -mcpu=cortex-m4 -g3 -DDEBUG -c -x assembler-with-cpp -MMD -MP -MF"Startup/startup_stm32f401retx.d" -MT"Startup/startup_stm32f401retx.o" --specs=nano.specs -mfpu=fpv4-sp-d16 -mfloat-abi=hard -mthumb -o "Startup/startup_stm32f401retx.o" "../Startup/startup_stm32f401retx.s"
arm-none-eabi-gcc "../Src/main.c" -mcpu=cortex-m4 -std=gnu11 -g3 -DDEBUG -DNUCLEO_F401RE -DSTM32 -DSTM32F401RETx -DSTM32F4 -c -I../Inc -O0 -ffunction-sections -fdata-sections -Wall -fstack-usage -fcyclomatic-complexity -MMD -MP -MF"Src/main.d" -MT"Src/main.o" --specs=nano.specs -mfpu=fpv4-sp-d16 -mfloat-abi=hard -mthumb -o "Src/main.o"
arm-none-eabi-gcc "../Src/syscalls.c" -mcpu=cortex-m4 -std=gnu11 -g3 -DDEBUG -DNUCLEO_F401RE -DSTM32 -DSTM32F401RETx -DSTM32F4 -c -I../Inc -O0 -ffunction-sections -fdata-sections -Wall -fstack-usage -fcyclomatic-complexity -MMD -MP -MF"Src/syscalls.d" -MT"Src/syscalls.o" --specs=nano.specs -mfpu=fpv4-sp-d16 -mfloat-abi=hard -mthumb -o "Src/syscalls.o"
arm-none-eabi-gcc "../Src/sysmem.c" -mcpu=cortex-m4 -std=gnu11 -g3 -DDEBUG -DNUCLEO_F401RE -DSTM32 -DSTM32F401RETx -DSTM32F4 -c -I../Inc -O0 -ffunction-sections -fdata-sections -Wall -fstack-usage -fcyclomatic-complexity -MMD -MP -MF"Src/sysmem.d" -MT"Src/sysmem.o" --specs=nano.specs -mfpu=fpv4-sp-d16 -mfloat-abi=hard -mthumb -o "Src/sysmem.o"
arm-none-eabi-gcc -o "LED_plus_USER PUSH.elf" @"objects.list"   -mcpu=cortex-m4 -T"/Users/anand/Documents/Embedded Sys/Projects/LED_plus_USER PUSH/STM32F401RETX_FLASH.ld" --specs=nosys.specs -Wl,-Map="LED_plus_USER PUSH.map" -Wl,--gc-sections -static --specs=nano.specs -mfpu=fpv4-sp-d16 -mfloat-abi=hard -mthumb -Wl,--start-group -lc -lm -Wl,--end-group
Finished building target: LED_plus_USER PUSH.elf
 
arm-none-eabi-size  LED_plus_USER\ PUSH.elf 
arm-none-eabi-objdump -h -S LED_plus_USER\ PUSH.elf  > "LED_plus_USER PUSH.list"
   text	   data	    bss	    dec	    hex	filename
    792	      0	   1568	   2360	    938	LED_plus_USER PUSH.elf
Finished building: default.size.stdout
 
Finished building: LED_plus_USER PUSH.list
 
19:40:30 **** Incremental Build of configuration Debug for project LED_plus_USER PUSH ****
make -j13 all 
arm-none-eabi-size  LED_plus_USER\ PUSH.elf 
   text	   data	    bss	    dec	    hex	filename
    792	      0	   1568	   2360	    938	LED_plus_USER PUSH.elf
Finished building: default.size.stdout
 
